sudo dpkg-reconfigure phpmyadmin

[sudo] Mot de passe de user :
Determining localhost credentials from /etc/mysql/debian.cnf: succeeded.
Determining localhost credentials from /etc/mysql/debian.cnf: succeeded.
dbconfig-common: writing config to /etc/dbconfig-common/phpmyadmin.conf
Replacing config file /etc/dbconfig-common/phpmyadmin.conf with new version
Replacing config file /etc/phpmyadmin/config-db.php with new version
phpmyadmin already exists and has privileges on phpmyadmin.
dbconfig-common: dumping mysql database phpmyadmin to /var/tmp/phpmyadmin.phpmyadmin.2019-03-19-09.08.mysql.JaCJP4.
dbconfig-common: dropping old mysql database phpmyadmin.
dropping database phpmyadmin:
success.
verifying database phpmyadmin was dropped: success.
creating database phpmyadmin: success.
verifying database phpmyadmin exists: success.
populating database via sql...  done.
dbconfig-common: flushing administrative password
apache2_invoke phpmyadmin: already enabled
user@user-Latitude-E5530-non-vPro:~$
user@user-Latitude-E5530-non-vPro:~$ sudo nano /usr/share/phpmyadmin/libraries/sql.lib.php
Utilisez « fg » pour revenir à nano.

[1]+  Arrêté                sudo nano /usr/share/phpmyadmin/libraries/sql.lib.php

user@user-Latitude-E5530-non-vPro:~$ sudo nano /usr/share/phpmyadmin/libraries/sql.lib.php
user@user-Latitude-E5530-non-vPro:~$ sudo nano /usr/share/phpmyadmin/libraries/sql.lib.php
user@user-Latitude-E5530-non-vPro:~$ sudo nano /usr/share/phpmyadmin/libraries/sql.lib.php
user@user-Latitude-E5530-non-vPro:~$ sudo nano /usr/share/phpmyadmin/libraries/sql.lib.php

user@user-Latitude-E5530-non-vPro:~$ sudo service apache2 restart
user@user-Latitude-E5530-non-vPro:~$ sudo dpkg-reconfigure phpmyadmin

Determining localhost credentials from /etc/mysql/debian.cnf: succeeded.
Determining localhost credentials from /etc/mysql/debian.cnf: succeeded.
dbconfig-common: writing config to /etc/dbconfig-common/phpmyadmin.conf
phpmyadmin already exists and has privileges on phpmyadmin.
dbconfig-common: dumping mysql database phpmyadmin to /var/tmp/phpmyadmin.phpmyadmin.2019-03-19-09.16.mysql.qI5xTa.
dbconfig-common: dropping old mysql database phpmyadmin.
dropping database phpmyadmin:
success.
verifying database phpmyadmin was dropped: success.
creating database phpmyadmin: success.
verifying database phpmyadmin exists: success.
populating database via sql...  done.
dbconfig-common: flushing administrative password
apache2_invoke phpmyadmin: already enabled

user@user-Latitude-E5530-non-vPro:~$
user@user-Latitude-E5530-non-vPro:~$ sudo nano /usr/share/phpmyadmin/libraries/sql.lib.php
user@user-Latitude-E5530-non-vPro:~$ sudo service apache2 restart
user@user-Latitude-E5530-non-vPro:~$ mysql

ERROR 1045 (28000): Access denied for user 'user'@'localhost' (using password: NO)
user@user-Latitude-E5530-non-vPro:~$ mysql -u phpmyadmin -p user
Enter password:
ERROR 1044 (42000): Access denied for user 'phpmyadmin'@'localhost' to database 'user'
user@user-Latitude-E5530-non-vPro:~$ mysql -u phpmyadmin -p phpmyadmin
Enter password:
Reading table information for completion of table and column names
You can turn off this feature to get a quicker startup with -A

Welcome to the MySQL monitor.  Commands end with ; or \g.
Your MySQL connection id is 409
Server version: 5.7.25-0ubuntu0.18.04.2 (Ubuntu)

Copyright (c) 2000, 2019, Oracle and/or its affiliates. All rights reserved.

Oracle is a registered trademark of Oracle Corporation and/or its
affiliates. Other names may be trademarks of their respective
owners.

Type 'help;' or '\h' for help. Type '\c' to clear the current input statement.

mysql> grant all privileges on DATABASE_NAME.* to phpmyadmin@localhost identified by 'PASSWORD'
   ->
   -> exi
xi
^C
mysql> exit
xit
^C
mysql> :w
:w
^C
mysql> :wq
   -> exit
   -> ^C^C^C^C^C^C^C^C^C^C^C^C^C^C^T^X^C

^C
mysql>
mysql> help

For information about MySQL products and services, visit:
  http://www.mysql.com/
For developer information, including the MySQL Reference Manual, visit:
  http://dev.mysql.com/
To buy MySQL Enterprise support, training, or other products, visit:
  https://shop.mysql.com/

List of all MySQL commands:
Note that all text commands must be first on line and end with ';'
?         (\?) Synonym for `help'.
clear     (\c) Clear the current input statement.
connect   (\r) Reconnect to the server. Optional arguments are db and host.
delimiter (\d) Set statement delimiter.
edit      (\e) Edit command with $EDITOR.
ego       (\G) Send command to mysql server, display result vertically.
exit      (\q) Exit mysql. Same as quit.
go        (\g) Send command to mysql server.
help      (\h) Display this help.
nopager   (\n) Disable pager, print to stdout.
notee     (\t) Don't write into outfile.
pager     (\P) Set PAGER [to_pager]. Print the query results via PAGER.
print     (\p) Print current command.
prompt    (\R) Change your mysql prompt.
quit      (\q) Quit mysql.
rehash    (\#) Rebuild completion hash.
source    (\.) Execute an SQL script file. Takes a file name as an argument.
status    (\s) Get status information from the server.
system    (\!) Execute a system shell command.
tee       (\T) Set outfile [to_outfile]. Append everything into given outfile.
use       (\u) Use another database. Takes database name as argument.
charset   (\C) Switch to another charset. Might be needed for processing binlog with multi-byte charsets.
warnings  (\W) Show warnings after every statement.
nowarning (\w) Don't show warnings after every statement.
resetconnection(\x) Clean session context.

For server side help, type 'help contents'

mysql> exit
Bye

user@user-Latitude-E5530-non-vPro:~$ sudo dpkg-reconfigure phpmyadmin

Determining localhost credentials from /etc/mysql/debian.cnf: succeeded.
Determining localhost credentials from /etc/mysql/debian.cnf: succeeded.
dbconfig-common: writing config to /etc/dbconfig-common/phpmyadmin.conf
Replacing config file /etc/dbconfig-common/phpmyadmin.conf with new version
Replacing config file /etc/phpmyadmin/config-db.php with new version
checking privileges on database Becode for root@localhost: user creation needed.
granting access to database Becode for root@localhost: success.
verifying access for root@localhost: success.
dbconfig-common: dumping mysql database Becode to /var/tmp/phpmyadmin.Becode.2019-03-19-09.31.mysql.ub5pgp.
database does not exist.
dbconfig-common: dropping old mysql database Becode.
dropping database Becode: database does not exist.
creating database Becode: success.
verifying database Becode exists: success.
populating database via sql...  done.
dbconfig-common: flushing administrative password
apache2_invoke phpmyadmin: already enabled
user@user-Latitude-E5530-non-vPro:~$ sudo mysql --user=root mysql
Reading table information for completion of table and column names
You can turn off this feature to get a quicker startup with -A

Welcome to the MySQL monitor.  Commands end with ; or \g.
Your MySQL connection id is 457
Server version: 5.7.25-0ubuntu0.18.04.2 (Ubuntu)

Copyright (c) 2000, 2019, Oracle and/or its affiliates. All rights reserved.

Oracle is a registered trademark of Oracle Corporation and/or its
affiliates. Other names may be trademarks of their respective
owners.

Type 'help;' or '\h' for help. Type '\c' to clear the current input statement.

mysql> CREATE USER 'phpmyadmin'@'localhost' IDENTIFIED BY 'some_pass';
ERROR 1396 (HY000): Operation CREATE USER failed for 'phpmyadmin'@'localhost'
mysql> GRANT ALL PRIVILEGES ON *.* TO 'phpmyadmin'@'localhost' WITH GRANT OPTION;
Query OK, 0 rows affected (0.00 sec)

mysql> FLUSH PRIVILEGES;
Query OK, 0 rows affected (0.00 sec)

mysql> CREATE USER 'phpmyadmin'@'%' IDENTIFIED BY 'some_pass';
Query OK, 0 rows affected (0.00 sec)

mysql> GRANT ALL PRIVILEGES ON *.* TO 'phpmyadmin'@'%' WITH GRANT OPTION;
Query OK, 0 rows affected (0.00 sec)

mysql> FLUSH PRIVILEGES;
Query OK, 0 rows affected (0.00 sec)

mysql> exi
   ->
   ->
   ->
   ->
   -> wdf
   -> :w
   -> q
   -> ^T

^C
mysql> exit
Bye
user@user-Latitude-E5530-non-vPro:~$ sudo mysql -u root
Welcome to the MySQL monitor.  Commands end with ; or \g.
Your MySQL connection id is 538
Server version: 5.7.25-0ubuntu0.18.04.2 (Ubuntu)

Copyright (c) 2000, 2019, Oracle and/or its affiliates. All rights reserved.

Oracle is a registered trademark of Oracle Corporation and/or its
affiliates. Other names may be trademarks of their respective
owners.

Type 'help;' or '\h' for help. Type '\c' to clear the current input statement.

mysql>





user@user-ThinkPad-T410:~$ sudo dpkg-reconfigure phpmyadmin
[sudo] password for user: 
Determining localhost credentials from /etc/mysql/debian.cnf: succeeded.
Determining localhost credentials from /etc/mysql/debian.cnf: succeeded.
dbconfig-common: writing config to /etc/dbconfig-common/phpmyadmin.conf
Replacing config file /etc/dbconfig-common/phpmyadmin.conf with new version
Replacing config file /etc/phpmyadmin/config-db.php with new version
sanity check failed for dbc_dbuser.
error encountered creating user:
No database user specified.
dbconfig-common: phpmyadmin configure: trying again.
Determining localhost credentials from /etc/mysql/debian.cnf: succeeded.
dbconfig-common: writing config to /etc/dbconfig-common/phpmyadmin.conf
Replacing config file /etc/dbconfig-common/phpmyadmin.conf with new version
sanity check failed for dbc_dbuser.
error encountered creating user:
No database user specified.
dbconfig-common: phpmyadmin configure: trying again.
Determining localhost credentials from /etc/mysql/debian.cnf: succeeded.
dbconfig-common: writing config to /etc/dbconfig-common/phpmyadmin.conf
Replacing config file /etc/dbconfig-common/phpmyadmin.conf with new version
Replacing config file /etc/phpmyadmin/config-db.php with new version
mysql: [Warning] mysql: Empty value for 'port' specified. Will throw an error in future versions
ERROR 1045 (28000): Access denied for user 'root'@'localhost' (using password: YES).
unable to connect to mysql server.
error encountered creating user:
mysql: [Warning] mysql: Empty value for 'port' specified. Will throw an error in future versions ERROR 1045 (28000): Access denied for user 'root'@'localhost' (using password: YES)
dbconfig-common: phpmyadmin configure: trying again.
Determining localhost credentials from /etc/mysql/debian.cnf: succeeded.
dbconfig-common: writing config to /etc/dbconfig-common/phpmyadmin.conf
mysql: [Warning] mysql: Empty value for 'port' specified. Will throw an error in future versions
ERROR 1045 (28000): Access denied for user 'root'@'localhost' (using password: YES).
unable to connect to mysql server.
error encountered creating user:
mysql: [Warning] mysql: Empty value for 'port' specified. Will throw an error in future versions ERROR 1045 (28000): Access denied for user 'root'@'localhost' (using password: YES)
dbconfig-common: phpmyadmin configure: trying again.
Determining localhost credentials from /etc/mysql/debian.cnf: succeeded.
dbconfig-common: writing config to /etc/dbconfig-common/phpmyadmin.conf
Replacing config file /etc/dbconfig-common/phpmyadmin.conf with new version
Replacing config file /etc/phpmyadmin/config-db.php with new version
mysql: [Warning] mysql: Empty value for 'port' specified. Will throw an error in future versions
ERROR 1045 (28000): Access denied for user 'root'@'localhost' (using password: YES).
unable to connect to mysql server.
error encountered creating user:
mysql: [Warning] mysql: Empty value for 'port' specified. Will throw an error in future versions ERROR 1045 (28000): Access denied for user 'root'@'localhost' (using password: YES)
dbconfig-common: phpmyadmin configure: trying again.
Determining localhost credentials from /etc/mysql/debian.cnf: succeeded.
dbconfig-common: writing config to /etc/dbconfig-common/phpmyadmin.conf
mysql: [Warning] mysql: Empty value for 'port' specified. Will throw an error in future versions
ERROR 1045 (28000): Access denied for user 'root'@'localhost' (using password: YES).
unable to connect to mysql server.
error encountered creating user:
mysql: [Warning] mysql: Empty value for 'port' specified. Will throw an error in future versions ERROR 1045 (28000): Access denied for user 'root'@'localhost' (using password: YES)
dbconfig-common: phpmyadmin configure: trying again.
dbconfig-common: writing config to /etc/dbconfig-common/phpmyadmin.conf
Replacing config file /etc/dbconfig-common/phpmyadmin.conf with new version
dbconfig-common: flushing administrative password
apache2_invoke phpmyadmin: already enabled
user@user-ThinkPad-T410:~$ sudo apt-get purge phpmyadmin
Reading package lists... Done
Building dependency tree       
Reading state information... Done
The following packages were automatically installed and are no longer required:
  dbconfig-common dbconfig-mysql libjs-sphinxdoc libjs-underscore libmcrypt4
  linux-headers-4.15.0-43 linux-headers-4.15.0-43-generic
  linux-image-4.15.0-43-generic linux-modules-4.15.0-43-generic
  linux-modules-extra-4.15.0-43-generic php-gd php-gettext php-mbstring
  php-mcrypt php-phpseclib php-tcpdf php7.0-gd php7.0-mbstring php7.0-mcrypt
Use 'sudo apt autoremove' to remove them.
The following packages will be REMOVED:
  phpmyadmin*
0 upgraded, 0 newly installed, 1 to remove and 15 not upgraded.
After this operation, 25,0 MB disk space will be freed.
Do you want to continue? [Y/n] Y
(Reading database ... 290550 files and directories currently installed.)
Removing phpmyadmin (4:4.5.4.1-2ubuntu2.1) ...
Determining localhost credentials from /etc/mysql/debian.cnf: succeeded.
Conf phpmyadmin disabled.
apache2_invoke postrm: Disable configuration phpmyadmin
Purging configuration files for phpmyadmin (4:4.5.4.1-2ubuntu2.1) ...
apache2_invoke postrm: Purging state for phpmyadmin
Processing triggers for doc-base (0.10.7) ...
Processing 1 removed doc-base file...
Processing triggers for man-db (2.7.5-1) ...
Processing triggers for hicolor-icon-theme (0.15-0ubuntu1.1) ...
user@user-ThinkPad-T410:~$ sudo service apache2 stop
user@user-ThinkPad-T410:~$ sudo apt-get purge apache2 apache2-utils apache2.2-bin apache2-common
Reading package lists... Done
Building dependency tree       
Reading state information... Done
Package 'apache2.2-bin' is not installed, so not removed
E: Unable to locate package apache2-common
user@user-ThinkPad-T410:~$ sudo apt-get autoremove 
Reading package lists... Done
Building dependency tree       
Reading state information... Done
The following packages will be REMOVED:
  dbconfig-common dbconfig-mysql libjs-sphinxdoc libjs-underscore libmcrypt4
  linux-headers-4.15.0-43 linux-headers-4.15.0-43-generic
  linux-image-4.15.0-43-generic linux-modules-4.15.0-43-generic
  linux-modules-extra-4.15.0-43-generic php-gd php-gettext php-mbstring
  php-mcrypt php-phpseclib php-tcpdf php7.0-gd php7.0-mbstring php7.0-mcrypt
0 upgraded, 0 newly installed, 19 to remove and 15 not upgraded.
After this operation, 360 MB disk space will be freed.
Do you want to continue? [Y/n] y
(Reading database ... 288924 files and directories currently installed.)
Removing dbconfig-mysql (2.0.4ubuntu1) ...
Removing dbconfig-common (2.0.4ubuntu1) ...
Removing libjs-sphinxdoc (1.3.6-2ubuntu1.2) ...
Removing libjs-underscore (1.7.0~dfsg-1ubuntu1) ...
Removing php-mcrypt (1:7.0+35ubuntu6.1) ...
Removing php7.0-mcrypt (7.0.33-0ubuntu0.16.04.2) ...
Removing libmcrypt4 (2.5.8-3.3) ...
Removing linux-headers-4.15.0-43-generic (4.15.0-43.46~16.04.1) ...
Removing linux-headers-4.15.0-43 (4.15.0-43.46~16.04.1) ...
Removing linux-modules-extra-4.15.0-43-generic (4.15.0-43.46~16.04.1) ...
Removing linux-image-4.15.0-43-generic (4.15.0-43.46~16.04.1) ...
/etc/kernel/postrm.d/initramfs-tools:
update-initramfs: Deleting /boot/initrd.img-4.15.0-43-generic
/etc/kernel/postrm.d/zz-update-grub:
Generating grub configuration file ...
Warning: Setting GRUB_TIMEOUT to a non-zero value when GRUB_HIDDEN_TIMEOUT is set is no longer supported.
Found linux image: /boot/vmlinuz-4.15.0-46-generic
Found initrd image: /boot/initrd.img-4.15.0-46-generic
Found linux image: /boot/vmlinuz-4.15.0-45-generic
Found initrd image: /boot/initrd.img-4.15.0-45-generic
Found memtest86+ image: /boot/memtest86+.elf
Found memtest86+ image: /boot/memtest86+.bin
done
Removing linux-modules-4.15.0-43-generic (4.15.0-43.46~16.04.1) ...
Removing php-gd (1:7.0+35ubuntu6.1) ...
Removing php-gettext (1.0.11-2build1) ...
Removing php-mbstring (1:7.0+35ubuntu6.1) ...
Removing php-phpseclib (2.0.1-1build1) ...
Removing php-tcpdf (6.0.093+dfsg-1ubuntu1) ...
Removing php7.0-gd (7.0.33-0ubuntu0.16.04.2) ...
Removing php7.0-mbstring (7.0.33-0ubuntu0.16.04.2) ...
Processing triggers for man-db (2.7.5-1) ...
Processing triggers for doc-base (0.10.7) ...
Processing 3 removed doc-base files...
Processing triggers for libapache2-mod-php7.0 (7.0.33-0ubuntu0.16.04.2) ...
Processing triggers for libc-bin (2.23-0ubuntu11) ...
user@user-ThinkPad-T410:~$ gksu gedit /usr/share/applications/xampp-control-panel.desktop
The program 'gksu' is currently not installed. You can install it by typing:
sudo apt install gksu
user@user-ThinkPad-T410:~$ sudo apt-get install gksu
Reading package lists... Done
Building dependency tree       
Reading state information... Done
The following additional packages will be installed:
  libgksu2-0
The following NEW packages will be installed:
  gksu libgksu2-0
0 upgraded, 2 newly installed, 0 to remove and 15 not upgraded.
Need to get 123 kB of archives.
After this operation, 877 kB of additional disk space will be used.
Do you want to continue? [Y/n] y
Get:1 http://be.archive.ubuntu.com/ubuntu xenial/universe amd64 libgksu2-0 amd64 2.0.13~pre1-6ubuntu8 [71,8 kB]
Get:2 http://be.archive.ubuntu.com/ubuntu xenial/universe amd64 gksu amd64 2.0.2-9ubuntu1 [51,5 kB]
Fetched 123 kB in 0s (236 kB/s) 
Selecting previously unselected package libgksu2-0.
(Reading database ... 252610 files and directories currently installed.)
Preparing to unpack .../libgksu2-0_2.0.13~pre1-6ubuntu8_amd64.deb ...
Unpacking libgksu2-0 (2.0.13~pre1-6ubuntu8) ...
Selecting previously unselected package gksu.
Preparing to unpack .../gksu_2.0.2-9ubuntu1_amd64.deb ...
Unpacking gksu (2.0.2-9ubuntu1) ...
Processing triggers for libc-bin (2.23-0ubuntu11) ...
Processing triggers for gconf2 (3.2.6-3ubuntu6) ...
Processing triggers for man-db (2.7.5-1) ...
Processing triggers for desktop-file-utils (0.22-1ubuntu5.2) ...
Processing triggers for bamfdaemon (0.5.3~bzr0+16.04.20180209-0ubuntu1) ...
Rebuilding /usr/share/applications/bamf-2.index...
Processing triggers for gnome-menus (3.13.3-6ubuntu3.1) ...
Processing triggers for mime-support (3.59ubuntu1) ...
Setting up libgksu2-0 (2.0.13~pre1-6ubuntu8) ...
update-alternatives: using /usr/share/libgksu/debian/gconf-defaults.libgksu-sudo to provide /usr/share/gconf/defaults/10_libgksu (libgksu-gconf-defaults) in auto mode
Processing triggers for gconf2 (3.2.6-3ubuntu6) ...
Setting up gksu (2.0.2-9ubuntu1) ...
Processing triggers for libc-bin (2.23-0ubuntu11) ...
user@user-ThinkPad-T410:~$ gksu gedit /usr/share/applications/xampp-control-panel.desktop

(gksu:15039): GConf-CRITICAL **: gconf_value_free: assertion 'value != NULL' failed
user@user-ThinkPad-T410:~$ gksu gedit /usr/share/applications/xampp-control-panel.desktop
GNOME_SUDO_PASS
sudo: 1 incorrect password attempt

** (gedit:15131): WARNING **: Set document metadata failed: Setting attribute metadata::gedit-spell-enabled not supported

** (gedit:15131): WARNING **: Set document metadata failed: Setting attribute metadata::gedit-encoding not supported

** (gedit:15131): WARNING **: Set document metadata failed: Setting attribute metadata::gedit-position not supported
user@user-ThinkPad-T410:~$ sudo apt-get update
Ign:1 http://dl.google.com/linux/chrome/deb stable InRelease
Hit:2 http://be.archive.ubuntu.com/ubuntu xenial InRelease                     
Get:3 http://be.archive.ubuntu.com/ubuntu xenial-updates InRelease [109 kB]    
Hit:4 http://dl.google.com/linux/chrome/deb stable Release                     
Hit:5 http://ppa.launchpad.net/kritalime/ppa/ubuntu xenial InRelease           
Hit:6 http://ppa.launchpad.net/webupd8team/atom/ubuntu xenial InRelease        
Get:7 http://be.archive.ubuntu.com/ubuntu xenial-backports InRelease [107 kB]  
Get:8 http://security.ubuntu.com/ubuntu xenial-security InRelease [109 kB]
Hit:9 https://dl.winehq.org/wine-builds/ubuntu cosmic InRelease
Get:11 http://be.archive.ubuntu.com/ubuntu xenial-updates/main amd64 Packages [925 kB]
Get:12 http://be.archive.ubuntu.com/ubuntu xenial-updates/main i386 Packages [807 kB]
Get:13 http://be.archive.ubuntu.com/ubuntu xenial-updates/universe amd64 Packages [738 kB]
Get:14 http://be.archive.ubuntu.com/ubuntu xenial-updates/universe i386 Packages [676 kB]
Fetched 3.471 kB in 3s (916 kB/s)                           
Reading package lists... Done
user@user-ThinkPad-T410:~$ sudo chown -R www-data:www-data /opt/lampp/htdocs
user@user-ThinkPad-T410:~$ sudo chmod -R 775 /opt/lampp/htdocs
user@user-ThinkPad-T410:~$ sudo usermod -a -G www-data user
user@user-ThinkPad-T410:~$ 

